###############################################################################
#
# IAR ELF Linker V3.10.1.201 for STM8                     30/Apr/2019  22:38:00
# Copyright 2010-2017 IAR Systems AB.
#
#    Output file  =  
#        J:\3、工作相关\2、工程\调速风机\程序\STM8S005_FanController_Display
#        v1.6(修复pm wm BUG)\STM8S005_FanController_Display
#        v1.1\Debug\Exe\GPIO.out
#    Map file     =  
#        J:\3、工作相关\2、工程\调速风机\程序\STM8S005_FanController_Display
#        v1.6(修复pm wm BUG)\STM8S005_FanController_Display
#        v1.1\Debug\List\GPIO.map
#    Command line =  
#        -f C:\Users\ADMINI~1.USE\AppData\Local\Temp\EW3BE0.tmp
#        ("J:\3、工作相关\2、工程\调速风机\程序\STM8S005_FanController_Display
#        v1.6(修复pm wm BUG)\STM8S005_FanController_Display
#        v1.1\Debug\Obj\delay.o"
#        "J:\3、工作相关\2、工程\调速风机\程序\STM8S005_FanController_Display
#        v1.6(修复pm wm BUG)\STM8S005_FanController_Display
#        v1.1\Debug\Obj\DS1302.o"
#        "J:\3、工作相关\2、工程\调速风机\程序\STM8S005_FanController_Display
#        v1.6(修复pm wm BUG)\STM8S005_FanController_Display
#        v1.1\Debug\Obj\Gpio.o"
#        "J:\3、工作相关\2、工程\调速风机\程序\STM8S005_FanController_Display
#        v1.6(修复pm wm BUG)\STM8S005_FanController_Display
#        v1.1\Debug\Obj\ht1621.o"
#        "J:\3、工作相关\2、工程\调速风机\程序\STM8S005_FanController_Display
#        v1.6(修复pm wm BUG)\STM8S005_FanController_Display
#        v1.1\Debug\Obj\KeyBorad.o"
#        "J:\3、工作相关\2、工程\调速风机\程序\STM8S005_FanController_Display
#        v1.6(修复pm wm BUG)\STM8S005_FanController_Display
#        v1.1\Debug\Obj\main.o"
#        "J:\3、工作相关\2、工程\调速风机\程序\STM8S005_FanController_Display
#        v1.6(修复pm wm BUG)\STM8S005_FanController_Display
#        v1.1\Debug\Obj\stm8s_clk.o"
#        "J:\3、工作相关\2、工程\调速风机\程序\STM8S005_FanController_Display
#        v1.6(修复pm wm BUG)\STM8S005_FanController_Display
#        v1.1\Debug\Obj\stm8s_gpio.o"
#        "J:\3、工作相关\2、工程\调速风机\程序\STM8S005_FanController_Display
#        v1.6(修复pm wm BUG)\STM8S005_FanController_Display
#        v1.1\Debug\Obj\stm8s_it.o"
#        "J:\3、工作相关\2、工程\调速风机\程序\STM8S005_FanController_Display
#        v1.6(修复pm wm BUG)\STM8S005_FanController_Display
#        v1.1\Debug\Obj\stm8s_tim1.o"
#        "J:\3、工作相关\2、工程\调速风机\程序\STM8S005_FanController_Display
#        v1.6(修复pm wm BUG)\STM8S005_FanController_Display
#        v1.1\Debug\Obj\stm8s_tim4.o"
#        "J:\3、工作相关\2、工程\调速风机\程序\STM8S005_FanController_Display
#        v1.6(修复pm wm BUG)\STM8S005_FanController_Display
#        v1.1\Debug\Obj\stm8s_uart2.o"
#        "J:\3、工作相关\2、工程\调速风机\程序\STM8S005_FanController_Display
#        v1.6(修复pm wm BUG)\STM8S005_FanController_Display
#        v1.1\Debug\Obj\user_uart.o" --redirect _Printf=_PrintfSmall --redirect
#        _Scanf=_ScanfSmall -o
#        "J:\3、工作相关\2、工程\调速风机\程序\STM8S005_FanController_Display
#        v1.6(修复pm wm BUG)\STM8S005_FanController_Display
#        v1.1\Debug\Exe\GPIO.out" --map
#        "J:\3、工作相关\2、工程\调速风机\程序\STM8S005_FanController_Display
#        v1.6(修复pm wm BUG)\STM8S005_FanController_Display
#        v1.1\Debug\List\GPIO.map" --config "D:\Program Files (x86)\IAR
#        Systems\Embedded Workbench 8.0\stm8\config\lnkstm8s005k6.icf"
#        --config_def _CSTACK_SIZE=0x100 --config_def _HEAP_SIZE=0x100 --entry
#        __iar_program_start --debug_lib)
#
###############################################################################

*******************************************************************************
*** RUNTIME MODEL ATTRIBUTES
***

__Heap_Handler             = Basic
__SystemLibrary            = DLib
__code_model               = small
__core                     = stm8
__data_model               = medium
__dlib_file_descriptor     = 1
__dlib_full_locale_support = 1
__rt_version               = 4


*******************************************************************************
*** PLACEMENT SUMMARY
***

"A0":  place at start of [0x000000-0x0000ff] { rw section .vregs };
"A1":  place at end of [0x000000-0x0007ff] { block CSTACK };
"P2":  place in [from 0x000000 to 0x0007ff] {
          block HEAP, rw section __DLIB_PERTHREAD, rw section .far.bss,
          rw section .far.data, rw section .far.noinit,
          rw section .far_func.textrw, rw section .huge.bss,
          rw section .huge.data, rw section .huge.noinit,
          rw section .huge_func.textrw, rw section .iar.dynexit,
          rw section .near.bss, rw section .near.data, rw section .near.noinit,
          rw section .near_func.textrw };
"A2":  place at start of [0x008000-0x00ffff] { block INTVEC };
"P3":  place in [from 0x008000 to 0x00ffff] {
          ro section __DLIB_PERTHREAD_init, ro section .far.data_init,
          ro section .far_func.textrw_init, ro section .huge.data_init,
          ro section .huge_func.textrw_init, ro section .iar.init_table,
          ro section .init_array, ro section .near.data_init,
          ro section .near.rodata, ro section .near_func.text,
          ro section .near_func.textrw_init, ro section .tiny.data_init,
          ro section .tiny.rodata_init };
"P4":  place in [from 0x008000 to 0x00ffff] {
          ro section .far.rodata, ro section .far_func.text };
"P5":  place in [from 0x008000 to 0x00ffff] {
          ro section .huge.rodata, ro section .huge_func.text };
do not initialize {
   rw section .eeprom.noinit, rw section .far.noinit, rw section .huge.noinit,
   rw section .near.noinit, rw section .tiny.noinit, rw section .vregs };
initialize by copy {
   rw section .far.bss, rw section .far.data, rw section .far_func.textrw,
   rw section .huge.bss, rw section .huge.data, rw section .huge_func.textrw,
   rw section .iar.dynexit, rw section .near.bss, rw section .near.data,
   rw section .near_func.textrw, rw section .tiny.bss, rw section .tiny.data,
   ro section .tiny.rodata };

  Section            Kind      Address    Size  Object
  -------            ----      -------    ----  ------
"A0":                                     0x10
  .vregs             uninit   0x000000    0x10  vregs.o [4]
                            - 0x000010    0x10

"P2", part 1 of 2:                         0x3
  P2-1                        0x000010     0x3  <Init block>
    .near.data       inited   0x000010     0x2  ht1621.o [1]
    .near.data       inited   0x000012     0x1  stm8s_it.o [1]
                            - 0x000013     0x3

"P2", part 2 of 2:                       0x107
  .near.bss          zero     0x000013    0x2e  KeyBorad.o [1]
  .near.bss          zero     0x000041    0x21  ht1621.o [1]
  .near.bss          zero     0x000062    0x21  ht1621.o [1]
  .near.bss          zero     0x000083    0x21  ht1621.o [1]
  .near.bss          zero     0x0000a4    0x21  ht1621.o [1]
  .near.bss          zero     0x0000c5     0xe  stm8s_it.o [1]
  .near.bss          zero     0x0000d3     0xa  main.o [1]
  .near.bss          zero     0x0000dd     0xa  user_uart.o [1]
  .near.bss          zero     0x0000e7     0x7  main.o [1]
  .near.bss          zero     0x0000ee     0x7  main.o [1]
  .near.bss          zero     0x0000f5     0x4  delay.o [1]
  .near.bss          zero     0x0000f9     0x4  KeyBorad.o [1]
  .near.bss          zero     0x0000fd     0x4  main.o [1]
  .near.bss          zero     0x000101     0x4  main.o [1]
  .near.bss          zero     0x000105     0x4  main.o [1]
  .near.bss          zero     0x000109     0x2  ht1621.o [1]
  .near.bss          zero     0x00010b     0x2  ht1621.o [1]
  .near.bss          zero     0x00010d     0x2  stm8s_it.o [1]
  .near.bss          zero     0x00010f     0x1  ht1621.o [1]
  .near.bss          zero     0x000110     0x1  main.o [1]
  .near.bss          zero     0x000111     0x1  main.o [1]
  .near.bss          zero     0x000112     0x1  main.o [1]
  .near.bss          zero     0x000113     0x1  stm8s_it.o [1]
  .near.bss          zero     0x000114     0x1  stm8s_it.o [1]
  .near.bss          zero     0x000115     0x1  stm8s_it.o [1]
  .near.bss          zero     0x000116     0x1  stm8s_it.o [1]
  .near.bss          zero     0x000117     0x1  stm8s_it.o [1]
  .near.bss          zero     0x000118     0x1  stm8s_it.o [1]
  .near.bss          zero     0x000119     0x1  stm8s_it.o [1]
                            - 0x00011a   0x107

"A1":                                    0x100
  CSTACK                      0x000700   0x100  <Block>
    CSTACK           uninit   0x000700   0x100  <Block tail>
                            - 0x000800   0x100

"A2":                                     0x80
  INTVEC                      0x008000    0x80  <Block>
    .intvec          const    0x008000    0x80  interrupt.o [4]
                            - 0x008080    0x80

"P3-P5":                                0x5700
  .near_func.text    ro code  0x008080  0x3014  ht1621.o [1]
  .near_func.text    ro code  0x00b094   0xa3e  KeyBorad.o [1]
  .near_func.text    ro code  0x00bad2   0x398  float.o [4]
  .near_func.text    ro code  0x00be6a   0x21d  stm8s_uart2.o [1]
  .near_func.text    ro code  0x00c087   0x1bb  main.o [1]
  .near_func.text    ro code  0x00c242   0x1af  DS1302.o [1]
  .near_func.text    ro code  0x00c3f1   0x144  long.o [4]
  .near_func.text    ro code  0x00c535   0x112  vreg_util.o [4]
  .near_func.text    ro code  0x00c647   0x110  stm8s_gpio.o [1]
  .near_func.text    ro code  0x00c757    0xf9  stm8s_uart2.o [1]
  .near_func.text    ro code  0x00c850    0xde  main.o [1]
  .near_func.text    ro code  0x00c92e    0xda  KeyBorad.o [1]
  .near.rodata       const    0x00ca08    0xa5  stm8s_uart2.o [1]
  .near.rodata       const    0x00caad    0xa4  stm8s_gpio.o [1]
  .near.rodata       const    0x00cb51    0xa4  stm8s_tim1.o [1]
  .near.rodata       const    0x00cbf5    0xa4  stm8s_tim4.o [1]
  .near.rodata       const    0x00cc99    0xa3  stm8s_clk.o [1]
  .near_func.text    ro code  0x00cd3c    0x86  user_uart.o [1]
  .near_func.text    ro code  0x00cdc2    0x7a  stm8s_it.o [1]
  .near_func.text    ro code  0x00ce3c    0x6b  user_uart.o [1]
  .near_func.text    ro code  0x00cea7    0x60  DS1302.o [1]
  .near_func.text    ro code  0x00cf07    0x60  stm8s_tim1.o [1]
  .near_func.text    ro code  0x00cf67    0x57  stm8s_clk.o [1]
  .near_func.text    ro code  0x00cfbe    0x52  ht1621.o [1]
  .near_func.text    ro code  0x00d010    0x51  stm8s_tim4.o [1]
  .near_func.text    ro code  0x00d061    0x50  stm8s_tim4.o [1]
  .near_func.text    ro code  0x00d0b1    0x48  KeyBorad.o [1]
  .near_func.text    ro code  0x00d0f9    0x47  long_util.o [4]
  .near_func.text    ro code  0x00d140    0x43  DS1302.o [1]
  .near_func.text    ro code  0x00d183    0x3d  DS1302.o [1]
  .near_func.text    ro code  0x00d1c0    0x3d  stm8s_clk.o [1]
  .near_func.text    ro code  0x00d1fd    0x3c  stm8s_it.o [1]
  .near_func.text    ro code  0x00d239    0x38  Gpio.o [1]
  .near_func.text    ro code  0x00d271    0x35  stm8s_tim1.o [1]
  .near_func.text    ro code  0x00d2a6    0x34  DS1302.o [1]
  .near_func.text    ro code  0x00d2da    0x32  DS1302.o [1]
  .near_func.text    ro code  0x00d30c    0x31  main.o [1]
  .near_func.text    ro code  0x00d33d    0x30  Gpio.o [1]
  .near_func.text    ro code  0x00d36d    0x2f  stm8s_clk.o [1]
  .near_func.text    ro code  0x00d39c    0x2f  stm8s_tim1.o [1]
  .near_func.text    ro code  0x00d3cb    0x2f  stm8s_tim4.o [1]
  .near_func.text    ro code  0x00d3fa    0x2b  short.o [4]
  .near_func.text    ro code  0x00d425    0x29  stm8s_uart2.o [1]
  .near_func.text    ro code  0x00d44e    0x29  user_uart.o [1]
  .near_func.text    ro code  0x00d477    0x28  init_small.o [4]
  .near_func.text    ro code  0x00d49f    0x25  dc_util.o [4]
  .near_func.text    ro code  0x00d4c4    0x24  delay.o [1]
  .near_func.text    ro code  0x00d4e8    0x24  delay.o [1]
  .near_func.text    ro code  0x00d50c    0x24  stm8s_tim4.o [1]
  .near_func.text    ro code  0x00d530    0x24  stm8s_tim4.o [1]
  .near.rodata       const    0x00d554    0x22  ht1621.o [1]
  .near.rodata       const    0x00d576    0x22  ht1621.o [1]
  .iar.init_table    const    0x00d598    0x12  - Linker created -
  .near_func.text    ro code  0x00d5aa    0x1f  move.o [4]
  .near_func.text    ro code  0x00d5c9    0x1e  delay.o [1]
  .near_func.text    ro code  0x00d5e7    0x1e  init_small.o [4]
  .near_func.text    ro code  0x00d605    0x1d  delay.o [1]
  .near_func.text    ro code  0x00d622    0x1b  delay.o [1]
  .near_func.text    ro code  0x00d63d    0x1b  stm8s_it.o [1]
  .near.rodata       const    0x00d658    0x19  ht1621.o [1]
  .near_func.text    ro code  0x00d671    0x19  user_uart.o [1]
  .near_func.text    ro code  0x00d68a    0x14  init.o [4]
  .near_func.text    ro code  0x00d69e    0x14  __dbg_xxexit.o [3]
  .near_func.text    ro code  0x00d6b2    0x13  cstartup.o [4]
  .near_func.text    ro code  0x00d6c5     0xd  stm8s_uart2.o [1]
  .near_func.text    ro code  0x00d6d2     0xc  DS1302.o [1]
  .near.rodata       const    0x00d6de     0xa  ht1621.o [1]
  .near.rodata       const    0x00d6e8     0xa  ht1621.o [1]
  .near.rodata       const    0x00d6f2     0xa  ht1621.o [1]
  .near.rodata       const    0x00d6fc     0xa  ht1621.o [1]
  .near_func.text    ro code  0x00d706     0xa  DS1302.o [1]
  .near_func.text    ro code  0x00d710     0x9  user_uart.o [1]
  .near.rodata       const    0x00d719     0x8  ht1621.o [1]
  .near.rodata       const    0x00d721     0x8  ht1621.o [1]
  .near_func.text    ro code  0x00d729     0x7  stm8s_gpio.o [1]
  .near_func.text    ro code  0x00d730     0x7  stm8s_gpio.o [1]
  .near.rodata       const    0x00d737     0x6  user_uart.o [1]
  .near_func.text    ro code  0x00d73d     0x5  cexit.o [4]
  .near.rodata       const    0x00d742     0x4  stm8s_clk.o [1]
  .near_func.text    ro code  0x00d746     0x4  stm8s_gpio.o [1]
  .near_func.text    ro code  0x00d74a     0x4  user_uart.o [1]
  .near.rodata       const    0x00d74e     0x3  ht1621.o [1]
  .near.rodata       const    0x00d751     0x3  ht1621.o [1]
  .near_func.text    ro code  0x00d754     0x3  stm8s_gpio.o [1]
  .near_func.text    ro code  0x00d757     0x3  interrupt.o [4]
  .near_func.text    ro code  0x00d75a     0x3  low_level_init.o [4]
  .near_func.text    ro code  0x00d75d     0x3  exit.o [4]
  .near_func.text    ro code  0x00d760     0x3  unhandled_exception.o [4]
  Initializer bytes  const    0x00d763     0x3  <for P2-1>
  .near.rodata       const    0x00d766     0x2  ht1621.o [1]
  .near.rodata       const    0x00d768     0x2  ht1621.o [1]
  .near_func.text    ro code  0x00d76a     0x2  main.o [1]
  .near_func.text    ro code  0x00d76c     0x1  stm8s_it.o [1]
  .near_func.text    ro code  0x00d76d     0x1  stm8s_it.o [1]
  .near_func.text    ro code  0x00d76e     0x1  stm8s_it.o [1]
  .near_func.text    ro code  0x00d76f     0x1  stm8s_it.o [1]
  .near_func.text    ro code  0x00d770     0x1  stm8s_it.o [1]
  .near_func.text    ro code  0x00d771     0x1  stm8s_it.o [1]
  .near_func.text    ro code  0x00d772     0x1  stm8s_it.o [1]
  .near_func.text    ro code  0x00d773     0x1  stm8s_it.o [1]
  .near_func.text    ro code  0x00d774     0x1  stm8s_it.o [1]
  .near_func.text    ro code  0x00d775     0x1  stm8s_it.o [1]
  .near_func.text    ro code  0x00d776     0x1  stm8s_it.o [1]
  .near_func.text    ro code  0x00d777     0x1  stm8s_it.o [1]
  .near_func.text    ro code  0x00d778     0x1  stm8s_it.o [1]
  .near_func.text    ro code  0x00d779     0x1  stm8s_it.o [1]
  .near_func.text    ro code  0x00d77a     0x1  stm8s_it.o [1]
  .near_func.text    ro code  0x00d77b     0x1  stm8s_it.o [1]
  .near_func.text    ro code  0x00d77c     0x1  stm8s_it.o [1]
  .near_func.text    ro code  0x00d77d     0x1  stm8s_it.o [1]
  .near_func.text    ro code  0x00d77e     0x1  stm8s_it.o [1]
  .near_func.text    ro code  0x00d77f     0x1  __dbg_break.o [3]
                            - 0x00d780  0x5700


*******************************************************************************
*** INIT TABLE
***

          Address   Size
          -------   ----
Zero (__iar_zero_init2)
    1 destination range, total size 0x107:
          0x000013  0x107

Copy (__iar_copy_init2)
    1 source range, total size 0x3:
          0x00d763    0x3
    1 destination range, total size 0x3:
          0x000010    0x3



*******************************************************************************
*** MODULE SUMMARY
***

    Module                 ro code  ro data  rw data
    ------                 -------  -------  -------
J:\3、工作相关\2、工程\调速风机\程序\STM8S005_FanController_Display v1.6(修复pm wm BUG)\STM8S005_FanController_Display v1.1\Debug\Obj: [1]
    DS1302.o                   779
    Gpio.o                     104
    KeyBorad.o               2 912                50
    delay.o                    158                 4
    ht1621.o                12 390      161      139
    main.o                     716                39
    stm8s_clk.o                195      167
    stm8s_gpio.o               293      164
    stm8s_it.o                 228        1       24
    stm8s_tim1.o               196      164
    stm8s_tim4.o               280      164
    stm8s_uart2.o              844      165
    user_uart.o                320        6       10
    ------------------------------------------------
    Total:                  19 415      992      266

command line: [2]
    ------------------------------------------------
    Total:

dbgstm8smd.a: [3]
    __dbg_break.o                1
    __dbg_xxexit.o              20
    ------------------------------------------------
    Total:                      21

dlstm8smf.a: [4]
    cexit.o                      5
    cstartup.o                  19
    dc_util.o                   37
    exit.o                       3
    float.o                    920
    init.o                      20
    init_small.o                70
    interrupt.o                  3      128
    long.o                     324
    long_util.o                 71
    low_level_init.o             3
    move.o                      31
    short.o                     43
    unhandled_exception.o        3
    vreg_util.o                274
    vregs.o                                       16
    ------------------------------------------------
    Total:                   1 826      128       16

    Linker created                       18      256
----------------------------------------------------
    Grand Total:            21 262    1 138      538


*******************************************************************************
*** ENTRY LIST
***

Entry                    Address    Size  Type      Object
-----                    -------    ----  ----      ------
.iar.init_table$$Base   0x00d598           --   Gb  - Linker created -
.iar.init_table$$Limit  0x00d5aa           --   Gb  - Linker created -
?b0                     0x000000          Data  Gb  vregs.o [4]
?b1                     0x000001          Data  Gb  vregs.o [4]
?b10                    0x00000a          Data  Gb  vregs.o [4]
?b11                    0x00000b          Data  Gb  vregs.o [4]
?b12                    0x00000c          Data  Gb  vregs.o [4]
?b13                    0x00000d          Data  Gb  vregs.o [4]
?b14                    0x00000e          Data  Gb  vregs.o [4]
?b15                    0x00000f          Data  Gb  vregs.o [4]
?b2                     0x000002          Data  Gb  vregs.o [4]
?b3                     0x000003          Data  Gb  vregs.o [4]
?b4                     0x000004          Data  Gb  vregs.o [4]
?b5                     0x000005          Data  Gb  vregs.o [4]
?b6                     0x000006          Data  Gb  vregs.o [4]
?b7                     0x000007          Data  Gb  vregs.o [4]
?b8                     0x000008          Data  Gb  vregs.o [4]
?b9                     0x000009          Data  Gb  vregs.o [4]
?dc32_l0                0x00d49f          Code  Gb  dc_util.o [4]
?dc32_l1                0x00d4ac          Code  Gb  dc_util.o [4]
?dc32_px                0x00d4b9          Code  Gb  dc_util.o [4]
?dec32_0x_0x            0x00c3f6          Code  Gb  long.o [4]
?dec32_l0_l0            0x00c3f1          Code  Gb  long.o [4]
?e0                     0x000001          Data  Gb  vregs.o [4]
?e1                     0x000005          Data  Gb  vregs.o [4]
?e2                     0x000009          Data  Gb  vregs.o [4]
?e3                     0x00000d          Data  Gb  vregs.o [4]
?epilogue_l2            0x00c5d0          Code  Gb  vreg_util.o [4]
?epilogue_l2_l3         0x00c5cd          Code  Gb  vreg_util.o [4]
?epilogue_l2_w6         0x00c5d4          Code  Gb  vreg_util.o [4]
?epilogue_w4            0x00c5db          Code  Gb  vreg_util.o [4]
?fadd32_l0_l0_dc32      0x00baf5          Code  Gb  float.o [4]
?fadd32_l0_l0_l1        0x00bafa          Code  Gb  float.o [4]
?fcastf32u16_l0_x       0x00bd1e          Code  Gb  float.o [4]
?fcasts16f32_x_l0       0x00bd3c          Code  Gb  float.o [4]
?fdiv32_l0_l0_dc32      0x00bc6b          Code  Gb  float.o [4]
?fdiv32_l0_l0_l1        0x00bc70          Code  Gb  float.o [4]
?fmul32_l0_l0_0x        0x00bbcd          Code  Gb  float.o [4]
?fmul32_l0_l0_dc32      0x00bbc8          Code  Gb  float.o [4]
?fmul32_l0_l0_l1        0x00bbd0          Code  Gb  float.o [4]
?fsub32_l0_l0_l1        0x00baef          Code  Gb  float.o [4]
?l0                     0x000000          Data  Gb  vregs.o [4]
?l1                     0x000004          Data  Gb  vregs.o [4]
?l2                     0x000008          Data  Gb  vregs.o [4]
?l3                     0x00000c          Data  Gb  vregs.o [4]
?load32_0x_l0           0x00d132          Code  Gb  long_util.o [4]
?load32_asp_l0          0x00d126          Code  Gb  long_util.o [4]
?load32_dbsp_l0         0x00d121          Code  Gb  long_util.o [4]
?load32_l0_0x           0x00d109          Code  Gb  long_util.o [4]
?load32_l0_asp          0x00d0fe          Code  Gb  long_util.o [4]
?load32_l0_dbsp         0x00d0f9          Code  Gb  long_util.o [4]
?load32_l0_xsp          0x00d100          Code  Gb  long_util.o [4]
?load32_l1_0x           0x00d115          Code  Gb  long_util.o [4]
?load32_xsp_l0          0x00d128          Code  Gb  long_util.o [4]
?longfarg16_v_w0_a      0x00d5b7          Code  Gb  move.o [4]
?longfarg16_v_w0_x      0x00d5b9          Code  Gb  move.o [4]
?mov_e0_e1              0x00c5e2          Code  Gb  vreg_util.o [4]
?mov_e0_e2              0x00c5ef          Code  Gb  vreg_util.o [4]
?mov_e0_e3              0x00c5fc          Code  Gb  vreg_util.o [4]
?mov_e1_e0              0x00c609          Code  Gb  vreg_util.o [4]
?mov_e1_e2              0x00c616          Code  Gb  vreg_util.o [4]
?mov_e1_e3              0x00c623          Code  Gb  vreg_util.o [4]
?mov_e2_e0              0x00c630          Code  Gb  vreg_util.o [4]
?mov_e3_e0              0x00c63d          Code  Gb  vreg_util.o [4]
?mov_l0_l1              0x00c5df          Code  Gb  vreg_util.o [4]
?mov_l0_l2              0x00c5ec          Code  Gb  vreg_util.o [4]
?mov_l0_l3              0x00c5f9          Code  Gb  vreg_util.o [4]
?mov_l1_l0              0x00c606          Code  Gb  vreg_util.o [4]
?mov_l1_l2              0x00c613          Code  Gb  vreg_util.o [4]
?mov_l1_l3              0x00c620          Code  Gb  vreg_util.o [4]
?mov_l2_l0              0x00c62d          Code  Gb  vreg_util.o [4]
?mov_l3_l0              0x00c63a          Code  Gb  vreg_util.o [4]
?mov_w1_w3              0x00c5e5          Code  Gb  vreg_util.o [4]
?mov_w1_w5              0x00c5f2          Code  Gb  vreg_util.o [4]
?mov_w1_w7              0x00c5ff          Code  Gb  vreg_util.o [4]
?mov_w3_w1              0x00c60c          Code  Gb  vreg_util.o [4]
?mov_w3_w5              0x00c619          Code  Gb  vreg_util.o [4]
?mov_w3_w7              0x00c626          Code  Gb  vreg_util.o [4]
?mov_w5_w1              0x00c633          Code  Gb  vreg_util.o [4]
?mov_w7_w1              0x00c640          Code  Gb  vreg_util.o [4]
?move1616_v_x_y_a       0x00d5aa          Code  Gb  move.o [4]
?mul16_x_x_w0           0x00d3fa          Code  Gb  short.o [4]
?mul32_l0_l0_0x         0x00c428          Code  Gb  long.o [4]
?mul32_l0_l0_dl         0x00c425          Code  Gb  long.o [4]
?mul32_l0_l0_l1         0x00c431          Code  Gb  long.o [4]
?pop_l0                 0x00c599          Code  Gb  vreg_util.o [4]
?pop_l1                 0x00c5a4          Code  Gb  vreg_util.o [4]
?pop_l2                 0x00c5af          Code  Gb  vreg_util.o [4]
?pop_l3                 0x00c5ba          Code  Gb  vreg_util.o [4]
?pop_w4                 0x00c552          Code  Gb  vreg_util.o [4]
?pop_w6                 0x00c559          Code  Gb  vreg_util.o [4]
?push_l0                0x00c568          Code  Gb  vreg_util.o [4]
?push_l1                0x00c56d          Code  Gb  vreg_util.o [4]
?push_l2                0x00c572          Code  Gb  vreg_util.o [4]
?push_l3                0x00c577          Code  Gb  vreg_util.o [4]
?push_w4                0x00c535          Code  Gb  vreg_util.o [4]
?push_w6                0x00c53a          Code  Gb  vreg_util.o [4]
?sll16_x_x_a            0x00d418          Code  Gb  short.o [4]
?sll32_0x_0x_a          0x00c527          Code  Gb  long.o [4]
?sll32_l0_l0_a          0x00c524          Code  Gb  long.o [4]
?srl16_x_x_4            0x00d420          Code  Gb  short.o [4]
?sub32_l0_l0_0x         0x00c40d          Code  Gb  long.o [4]
?sub32_l0_l0_l1         0x00c40a          Code  Gb  long.o [4]
?udiv32_l0_dl_l1        0x00c4af          Code  Gb  long.o [4]
?udiv32_l0_l0_dl        0x00c4b4          Code  Gb  long.o [4]
?udiv32_l0_l0_l1        0x00c4b7          Code  Gb  long.o [4]
?umod32_l1_l0_l1        0x00c4b7          Code  Gb  long.o [4]
?w0                     0x000000          Data  Gb  vregs.o [4]
?w1                     0x000002          Data  Gb  vregs.o [4]
?w2                     0x000004          Data  Gb  vregs.o [4]
?w3                     0x000006          Data  Gb  vregs.o [4]
?w4                     0x000008          Data  Gb  vregs.o [4]
?w5                     0x00000a          Data  Gb  vregs.o [4]
?w6                     0x00000c          Data  Gb  vregs.o [4]
?w7                     0x00000e          Data  Gb  vregs.o [4]
ADC1_IRQHandler         0x00d77d     0x1  Code  Gb  stm8s_it.o [1]
AWU_IRQHandler          0x00d76e     0x1  Code  Gb  stm8s_it.o [1]
BCDToDec                0x00c2b5    0x23  Code  Gb  DS1302.o [1]
Back_Light_On           0x00d239    0x38  Code  Gb  Gpio.o [1]
CLK_GetClockFreq        0x00cf67    0x57  Code  Gb  stm8s_clk.o [1]
CLK_HSICmd              0x00d36d    0x2f  Code  Gb  stm8s_clk.o [1]
CLK_HSIPrescalerConfig  0x00d1c0    0x3d  Code  Gb  stm8s_clk.o [1]
CLK_IRQHandler          0x00d76f     0x1  Code  Gb  stm8s_it.o [1]
CSTACK$$Base            0x000700           --   Gb  - Linker created -
CSTACK$$Limit           0x000800           --   Gb  - Linker created -
Col_Addr                0x00d766     0x2  Data  Gb  ht1621.o [1]
Col_Mask                0x00d768     0x2  Data  Gb  ht1621.o [1]
Cs1_Dis_Digitron_Num    0x00d6de     0xa  Data  Gb  ht1621.o [1]
Cs2_12_15_Dis_Digitron_Num
                        0x00d6e8     0xa  Data  Gb  ht1621.o [1]
Cs2_16_19_Dis_Digitron_Num
                        0x00d6f2     0xa  Data  Gb  ht1621.o [1]
Cs2_20_24_Dis_Digitron_Num
                        0x00d6fc     0xa  Data  Gb  ht1621.o [1]
DecToBCD                0x00c2d8    0x24  Code  Gb  DS1302.o [1]
Delay_Ms                0x00d4c4    0x24  Code  Gb  delay.o [1]
Delay_Us                0x00d622    0x1b  Code  Gb  delay.o [1]
Dis                     0x000119     0x1  Data  Gb  stm8s_it.o [1]
Dis_Bling               0x000113     0x1  Data  Gb  stm8s_it.o [1]
Dis_Digitron_Addr       0x00d658    0x19  Data  Gb  ht1621.o [1]
Dis_Door_Bling          0x000012     0x1  Data  Gb  stm8s_it.o [1]
Dis_Door_Err_Bling      0x000114     0x1  Data  Gb  stm8s_it.o [1]
Dis_Err_Bling           0x000115     0x1  Data  Gb  stm8s_it.o [1]
Dis_Pm_time             0x000118     0x1  Data  Gb  stm8s_it.o [1]
Dis_Time                0x000117     0x1  Data  Gb  stm8s_it.o [1]
Display_all             0x00af23   0x171  Code  Gb  ht1621.o [1]
Door_Move_time          0x00010b     0x2  Data  Gb  ht1621.o [1]
Door_State_Display      0x00ab4a   0x383  Code  Gb  ht1621.o [1]
Ds1302_Alldate          0x0000e7     0x7  Data  Gb  main.o [1]
Ds1302_Alldate_Init     0x0000ee     0x7  Data  Gb  main.o [1]
Ds1302_Init             0x00d2a6    0x34  Code  Gb  DS1302.o [1]
EEPROM_EEC_IRQHandler   0x00d77e     0x1  Code  Gb  stm8s_it.o [1]
EXTI_PORTA_IRQHandler   0x00d770     0x1  Code  Gb  stm8s_it.o [1]
EXTI_PORTB_IRQHandler   0x00d771     0x1  Code  Gb  stm8s_it.o [1]
EXTI_PORTC_IRQHandler   0x00d772     0x1  Code  Gb  stm8s_it.o [1]
EXTI_PORTD_IRQHandler   0x00d773     0x1  Code  Gb  stm8s_it.o [1]
EXTI_PORTE_IRQHandler   0x00d774     0x1  Code  Gb  stm8s_it.o [1]
Fan_Speed_State_Display
                        0x00a9a5   0x1a5  Code  Gb  ht1621.o [1]
GPIO_Init               0x00c647   0x110  Code  Gb  stm8s_gpio.o [1]
GPIO_ReadInputData      0x00d754     0x3  Code  Gb  stm8s_gpio.o [1]
GPIO_ReadInputPin       0x00d730     0x7  Code  Gb  stm8s_gpio.o [1]
GPIO_WriteHigh          0x00d729     0x7  Code  Gb  stm8s_gpio.o [1]
GPIO_WriteLow           0x00d746     0x4  Code  Gb  stm8s_gpio.o [1]
Gpio_Init               0x00d33d    0x30  Code  Gb  Gpio.o [1]
HSIDivFactor            0x00d742     0x4  Data  Gb  stm8s_clk.o [1]
Hepa_Set_Display        0x008586   0x449  Code  Gb  ht1621.o [1]
Hepa_Time_Conversion    0x00d30c    0x31  Code  Gb  main.o [1]
I2C_IRQHandler          0x00d77b     0x1  Code  Gb  stm8s_it.o [1]
INTVEC$$Base            0x008000           --   Gb  - Linker created -
INTVEC$$Limit           0x008080           --   Gb  - Linker created -
KeyBorad_Hnadle         0x00b094   0xa3e  Code  Gb  KeyBorad.o [1]
KeyBorad_PinInit        0x00d0b1    0x48  Code  Gb  KeyBorad.o [1]
KeyBorad_Scan           0x00c92e    0xda  Code  Gb  KeyBorad.o [1]
KeyHandle               0x000013    0x2e  Data  Gb  KeyBorad.o [1]
KeyVaule                0x000112     0x1  Data  Gb  main.o [1]
Led_P1_State_Display    0x00aecd    0x2b  Code  Gb  ht1621.o [1]
Led_P2_State_Display    0x00aef8    0x2b  Code  Gb  ht1621.o [1]
Now_Time_Display        0x009073  0x1932  Code  Gb  ht1621.o [1]
Oper_Mode_Disply        0x0089cf   0x240  Code  Gb  ht1621.o [1]
P_Addr                  0x00d719     0x8  Data  Gb  ht1621.o [1]
P_Mask                  0x00d721     0x8  Data  Gb  ht1621.o [1]
Peripheral_A11_Max      0x000010     0x2  Data  Gb  ht1621.o [1]
Peripheral_Conversion   0x00c850    0xde  Code  Gb  main.o [1]
Peripheral_Rceive_Display
                        0x00831d   0x269  Code  Gb  ht1621.o [1]
Peripheral_Realy        0x0000dd     0xa  Data  Gb  user_uart.o [1]
Region$$Table$$Base     0x00d598           --   Gb  - Linker created -
Region$$Table$$Limit    0x00d5aa           --   Gb  - Linker created -
SPI_IRQHandler          0x00d775     0x1  Code  Gb  stm8s_it.o [1]
S_Addr                  0x00d74e     0x3  Data  Gb  ht1621.o [1]
S_Mask                  0x00d751     0x3  Data  Gb  ht1621.o [1]
TIM1_CAP_COM_IRQHandler
                        0x00d776     0x1  Code  Gb  stm8s_it.o [1]
TIM1_ClearFlag          0x00d271    0x35  Code  Gb  stm8s_tim1.o [1]
TIM1_Cmd                0x00d39c    0x2f  Code  Gb  stm8s_tim1.o [1]
TIM1_TimeBaseInit       0x00cf07    0x60  Code  Gb  stm8s_tim1.o [1]
TIM1_UPD_OVF_TRG_BRK_IRQHandler
                        0x00cdc2    0x7a  Code  Gb  stm8s_it.o [1]
TIM2_CAP_COM_IRQHandler
                        0x00d778     0x1  Code  Gb  stm8s_it.o [1]
TIM2_UPD_OVF_BRK_IRQHandler
                        0x00d777     0x1  Code  Gb  stm8s_it.o [1]
TIM3_CAP_COM_IRQHandler
                        0x00d77a     0x1  Code  Gb  stm8s_it.o [1]
TIM3_UPD_OVF_BRK_IRQHandler
                        0x00d779     0x1  Code  Gb  stm8s_it.o [1]
TIM4_ClearFlag          0x00d50c    0x24  Code  Gb  stm8s_tim4.o [1]
TIM4_ClearITPendingBit  0x00d530    0x24  Code  Gb  stm8s_tim4.o [1]
TIM4_Cmd                0x00d3cb    0x2f  Code  Gb  stm8s_tim4.o [1]
TIM4_ITConfig           0x00d061    0x50  Code  Gb  stm8s_tim4.o [1]
TIM4_TimeBaseInit       0x00d010    0x51  Code  Gb  stm8s_tim4.o [1]
TIM4_UPD_OVF_IRQHandler
                        0x00d63d    0x1b  Code  Gb  stm8s_it.o [1]
TLI_IRQHandler          0x00d76d     0x1  Code  Gb  stm8s_it.o [1]
TRAP_IRQHandler         0x00d76c     0x1  Code  Gb  stm8s_it.o [1]
T_Addr                  0x00d554    0x22  Data  Gb  ht1621.o [1]
T_Mask                  0x00d576    0x22  Data  Gb  ht1621.o [1]
Tim1_Count              0x00010d     0x2  Data  Gb  stm8s_it.o [1]
Tim1_Init               0x00d5c9    0x1e  Code  Gb  delay.o [1]
Tim4_Init               0x00d605    0x1d  Code  Gb  delay.o [1]
TimingDelay             0x0000f5     0x4  Data  Gb  delay.o [1]
TimingDelay_Decrement   0x00d4e8    0x24  Code  Gb  delay.o [1]
UART2_Cmd               0x00d6c5     0xd  Code  Gb  stm8s_uart2.o [1]
UART2_DeInit            0x00d425    0x29  Code  Gb  stm8s_uart2.o [1]
UART2_ITConfig          0x00c757    0xf9  Code  Gb  stm8s_uart2.o [1]
UART2_Init              0x00be6a   0x21d  Code  Gb  stm8s_uart2.o [1]
UART2_RX_IRQHandler     0x00d1fd    0x3c  Code  Gb  stm8s_it.o [1]
UART2_TX_IRQHandler     0x00d77c     0x1  Code  Gb  stm8s_it.o [1]
Uart_Char_Num           0x000116     0x1  Data  Gb  stm8s_it.o [1]
Uart_Char_c             0x0000c5     0xe  Data  Gb  stm8s_it.o [1]
Uart_IT_Receive_Hnadle  0x00cd3c    0x86  Code  Gb  user_uart.o [1]
Uart_Transmit_Hnadle    0x00ce3c    0x6b  Code  Gb  user_uart.o [1]
Week_Display            0x008c0f   0x464  Code  Gb  ht1621.o [1]
__DebugBreak            0x00d77f     0x1  Code  Gb  __dbg_break.o [3]
__exit                  0x00d69e    0x14  Code  Gb  __dbg_xxexit.o [3]
__iar_copy_init2        0x00d477          Code  Gb  init_small.o [4]
__iar_data_init2        0x00d68a    0x14  Code  Gb  init.o [4]
__iar_program_start     0x00d6b2          Code  Gb  cstartup.o [4]
__iar_unhandled_exception
                        0x00d760          Code  Gb  unhandled_exception.o [4]
__iar_zero_init2        0x00d5e7          Code  Gb  init_small.o [4]
__intvec                0x008000          Data  Gb  interrupt.o [4]
__low_level_init        0x00d75a     0x3  Code  Gb  low_level_init.o [4]
_exit                   0x00d73d          Code  Gb  cexit.o [4]
_interrupt_1            0x00d76c          Code  Gb  stm8s_it.o [1]
_interrupt_12           0x00d775          Code  Gb  stm8s_it.o [1]
_interrupt_13           0x00cdc2          Code  Gb  stm8s_it.o [1]
_interrupt_14           0x00d776          Code  Gb  stm8s_it.o [1]
_interrupt_15           0x00d777          Code  Gb  stm8s_it.o [1]
_interrupt_16           0x00d778          Code  Gb  stm8s_it.o [1]
_interrupt_17           0x00d779          Code  Gb  stm8s_it.o [1]
_interrupt_18           0x00d77a          Code  Gb  stm8s_it.o [1]
_interrupt_2            0x00d76d          Code  Gb  stm8s_it.o [1]
_interrupt_21           0x00d77b          Code  Gb  stm8s_it.o [1]
_interrupt_22           0x00d77c          Code  Gb  stm8s_it.o [1]
_interrupt_23           0x00d1fd          Code  Gb  stm8s_it.o [1]
_interrupt_24           0x00d77d          Code  Gb  stm8s_it.o [1]
_interrupt_25           0x00d63d          Code  Gb  stm8s_it.o [1]
_interrupt_26           0x00d77e          Code  Gb  stm8s_it.o [1]
_interrupt_3            0x00d76e          Code  Gb  stm8s_it.o [1]
_interrupt_4            0x00d76f          Code  Gb  stm8s_it.o [1]
_interrupt_5            0x00d770          Code  Gb  stm8s_it.o [1]
_interrupt_6            0x00d771          Code  Gb  stm8s_it.o [1]
_interrupt_7            0x00d772          Code  Gb  stm8s_it.o [1]
_interrupt_8            0x00d773          Code  Gb  stm8s_it.o [1]
_interrupt_9            0x00d774          Code  Gb  stm8s_it.o [1]
a12                     0x0000fd     0x4  Data  Gb  main.o [1]
a12_math                0x000105     0x4  Data  Gb  main.o [1]
a12_next                0x000101     0x4  Data  Gb  main.o [1]
alldate_Updata          0x00010f     0x1  Data  Gb  ht1621.o [1]
assert_failed           0x00d76a     0x2  Code  Gb  main.o [1]
convertToDisplayTime    0x00c2fc    0x58  Code  Gb  DS1302.o [1]
convertToSetTime        0x00c354    0x43  Code  Gb  DS1302.o [1]
cs1_Digitron_ram_map    0x000083    0x21  Data  Gb  ht1621.o [1]
cs1_ram_map             0x000041    0x21  Data  Gb  ht1621.o [1]
cs2_Digitron_ram_map    0x0000a4    0x21  Data  Gb  ht1621.o [1]
cs2_ram_map             0x000062    0x21  Data  Gb  ht1621.o [1]
day                     0x000110     0x1  Data  Gb  main.o [1]
ds1302_port_init        0x00d2da    0x32  Code  Gb  DS1302.o [1]
ds1302_readByte         0x00c27a    0x3b  Code  Gb  DS1302.o [1]
ds1302_readTime         0x00cea7    0x60  Code  Gb  DS1302.o [1]
ds1302_read_byte        0x00d183    0x3d  Code  Gb  DS1302.o [1]
ds1302_setTime          0x00c397    0x5a  Code  Gb  DS1302.o [1]
ds1302_writeByte        0x00c242    0x38  Code  Gb  DS1302.o [1]
ds1302_write_byte       0x00d140    0x43  Code  Gb  DS1302.o [1]
exit                    0x00d75d     0x3  Code  Gb  exit.o [4]
hepa                    0x0000f9     0x4  Data  Gb  KeyBorad.o [1]
hepa_time               0x000109     0x2  Data  Gb  ht1621.o [1]
hour                    0x000111     0x1  Data  Gb  main.o [1]
ht1621_Char_write1      0x00813d    0x9d  Code  Gb  ht1621.o [1]
ht1621_Clear            0x0081da    0x5b  Code  Gb  ht1621.o [1]
ht1621_char_display     0x008235    0x91  Code  Gb  ht1621.o [1]
ht1621_init             0x0082c6    0x57  Code  Gb  ht1621.o [1]
ht1621_send_cmd         0x008080    0x3b  Code  Gb  ht1621.o [1]
ht1621_send_high_order_data
                        0x00cfbe    0x52  Code  Gb  ht1621.o [1]
ht1621_write            0x0080bb    0x82  Code  Gb  ht1621.o [1]
main                    0x00c087   0x1bb  Code  Gb  main.o [1]
peripheral              0x0000d3     0xa  Data  Gb  main.o [1]
read_IO                 0x00d706     0xa  Code  Gb  DS1302.o [1]
uart2Init               0x00d44e    0x29  Code  Gb  user_uart.o [1]
uart2ReceiveByte        0x00d74a     0x4  Code  Gb  user_uart.o [1]
uart2SendByte           0x00d710     0x9  Code  Gb  user_uart.o [1]
uart2SendString         0x00d671    0x19  Code  Gb  user_uart.o [1]
write_IO                0x00d6d2     0xc  Code  Gb  DS1302.o [1]


[1] = J:\3、工作相关\2、工程\调速风机\程序\STM8S005_FanController_Display v1.6(修复pm wm BUG)\STM8S005_FanController_Display v1.1\Debug\Obj
[2] = command line
[3] = dbgstm8smd.a
[4] = dlstm8smf.a

  21 262 bytes of readonly  code memory
   1 138 bytes of readonly  data memory
     538 bytes of readwrite data memory

Errors: none
Warnings: none
