###############################################################################
#
# IAR ELF Linker V3.10.1.201 for STM8                     02/May/2019  13:22:54
# Copyright 2010-2017 IAR Systems AB.
#
#    Output file  =  
#        E:\工作\胡老师\风扇控制器\IAR-STM8\STM8S005-FanController\STM8S005-FanController_Realy\Debug\Exe\GPIO.out
#    Map file     =  
#        E:\工作\胡老师\风扇控制器\IAR-STM8\STM8S005-FanController\STM8S005-FanController_Realy\Debug\List\GPIO.map
#    Command line =  
#        -f C:\Users\Administrator\AppData\Local\Temp\EWFC4E.tmp
#        (E:\工作\胡老师\风扇控制器\IAR-STM8\STM8S005-FanController\STM8S005-FanController_Realy\Debug\Obj\Adc.o
#        E:\工作\胡老师\风扇控制器\IAR-STM8\STM8S005-FanController\STM8S005-FanController_Realy\Debug\Obj\delay.o
#        E:\工作\胡老师\风扇控制器\IAR-STM8\STM8S005-FanController\STM8S005-FanController_Realy\Debug\Obj\Gpio.o
#        E:\工作\胡老师\风扇控制器\IAR-STM8\STM8S005-FanController\STM8S005-FanController_Realy\Debug\Obj\main.o
#        E:\工作\胡老师\风扇控制器\IAR-STM8\STM8S005-FanController\STM8S005-FanController_Realy\Debug\Obj\stm8s_adc1.o
#        E:\工作\胡老师\风扇控制器\IAR-STM8\STM8S005-FanController\STM8S005-FanController_Realy\Debug\Obj\stm8s_clk.o
#        E:\工作\胡老师\风扇控制器\IAR-STM8\STM8S005-FanController\STM8S005-FanController_Realy\Debug\Obj\stm8s_gpio.o
#        E:\工作\胡老师\风扇控制器\IAR-STM8\STM8S005-FanController\STM8S005-FanController_Realy\Debug\Obj\stm8s_it.o
#        E:\工作\胡老师\风扇控制器\IAR-STM8\STM8S005-FanController\STM8S005-FanController_Realy\Debug\Obj\stm8s_tim1.o
#        E:\工作\胡老师\风扇控制器\IAR-STM8\STM8S005-FanController\STM8S005-FanController_Realy\Debug\Obj\stm8s_tim4.o
#        E:\工作\胡老师\风扇控制器\IAR-STM8\STM8S005-FanController\STM8S005-FanController_Realy\Debug\Obj\stm8s_uart2.o
#        E:\工作\胡老师\风扇控制器\IAR-STM8\STM8S005-FanController\STM8S005-FanController_Realy\Debug\Obj\user_uart.o
#        --redirect _Printf=_PrintfSmall --redirect _Scanf=_ScanfSmall -o
#        E:\工作\胡老师\风扇控制器\IAR-STM8\STM8S005-FanController\STM8S005-FanController_Realy\Debug\Exe\GPIO.out
#        --map
#        E:\工作\胡老师\风扇控制器\IAR-STM8\STM8S005-FanController\STM8S005-FanController_Realy\Debug\List\GPIO.map
#        --config "E:\IAR Systems\Embedded Workbench
#        8.0\stm8\config\lnkstm8s005k6.icf" --config_def _CSTACK_SIZE=0x100
#        --config_def _HEAP_SIZE=0x100 --entry __iar_program_start --debug_lib)
#
###############################################################################

*******************************************************************************
*** RUNTIME MODEL ATTRIBUTES
***

__Heap_Handler             = Basic
__SystemLibrary            = DLib
__code_model               = small
__core                     = stm8
__data_model               = medium
__dlib_file_descriptor     = 1
__dlib_full_locale_support = 1
__rt_version               = 4


*******************************************************************************
*** PLACEMENT SUMMARY
***

"A0":  place at start of [0x000000-0x0000ff] { rw section .vregs };
"A1":  place at end of [0x000000-0x0007ff] { block CSTACK };
"P2":  place in [from 0x000000 to 0x0007ff] {
          block HEAP, rw section __DLIB_PERTHREAD, rw section .far.bss,
          rw section .far.data, rw section .far.noinit,
          rw section .far_func.textrw, rw section .huge.bss,
          rw section .huge.data, rw section .huge.noinit,
          rw section .huge_func.textrw, rw section .iar.dynexit,
          rw section .near.bss, rw section .near.data, rw section .near.noinit,
          rw section .near_func.textrw };
"A2":  place at start of [0x008000-0x00ffff] { block INTVEC };
"P3":  place in [from 0x008000 to 0x00ffff] {
          ro section __DLIB_PERTHREAD_init, ro section .far.data_init,
          ro section .far_func.textrw_init, ro section .huge.data_init,
          ro section .huge_func.textrw_init, ro section .iar.init_table,
          ro section .init_array, ro section .near.data_init,
          ro section .near.rodata, ro section .near_func.text,
          ro section .near_func.textrw_init, ro section .tiny.data_init,
          ro section .tiny.rodata_init };
"P4":  place in [from 0x008000 to 0x00ffff] {
          ro section .far.rodata, ro section .far_func.text };
"P5":  place in [from 0x008000 to 0x00ffff] {
          ro section .huge.rodata, ro section .huge_func.text };
do not initialize {
   rw section .eeprom.noinit, rw section .far.noinit, rw section .huge.noinit,
   rw section .near.noinit, rw section .tiny.noinit, rw section .vregs };

  Section          Kind      Address    Size  Object
  -------          ----      -------    ----  ------
"A0":                                   0x10
  .vregs           uninit   0x000000    0x10  vregs.o [4]
                          - 0x000010    0x10

"P2":                                   0x1a
  .near.bss        zero     0x000010     0xb  main.o [1]
  .near.bss        zero     0x00001b     0x7  stm8s_it.o [1]
  .near.bss        zero     0x000022     0x4  delay.o [1]
  .near.bss        zero     0x000026     0x2  stm8s_it.o [1]
  .near.bss        zero     0x000028     0x1  stm8s_it.o [1]
  .near.bss        zero     0x000029     0x1  stm8s_it.o [1]
                          - 0x00002a    0x1a

"A1":                                  0x100
  CSTACK                    0x000700   0x100  <Block>
    CSTACK         uninit   0x000700   0x100  <Block tail>
                          - 0x000800   0x100

"A2":                                   0x80
  INTVEC                    0x008000    0x80  <Block>
    .intvec        const    0x008000    0x80  interrupt.o [4]
                          - 0x008080    0x80

"P3-P5":                              0x181a
  .near_func.text  ro code  0x008080   0x21d  stm8s_uart2.o [1]
  .near_func.text  ro code  0x00829d   0x19a  stm8s_adc1.o [1]
  .near_func.text  ro code  0x008437   0x144  long.o [4]
  .near_func.text  ro code  0x00857b   0x137  user_uart.o [1]
  .near_func.text  ro code  0x0086b2   0x110  stm8s_gpio.o [1]
  .near_func.text  ro code  0x0087c2   0x105  vreg_util.o [4]
  .near_func.text  ro code  0x0088c7    0xfc  stm8s_adc1.o [1]
  .near_func.text  ro code  0x0089c3    0xf9  stm8s_uart2.o [1]
  .near_func.text  ro code  0x008abc    0xd0  Gpio.o [1]
  .near_func.text  ro code  0x008b8c    0xbe  stm8s_adc1.o [1]
  .near_func.text  ro code  0x008c4a    0xb7  stm8s_adc1.o [1]
  .near_func.text  ro code  0x008d01    0xb7  stm8s_adc1.o [1]
  .near_func.text  ro code  0x008db8    0x86  user_uart.o [1]
  .near.rodata     const    0x008e3e    0x80  stm8s_uart2.o [1]
  .near.rodata     const    0x008ebe    0x7f  stm8s_adc1.o [1]
  .near.rodata     const    0x008f3d    0x7f  stm8s_gpio.o [1]
  .near.rodata     const    0x008fbc    0x7f  stm8s_tim1.o [1]
  .near.rodata     const    0x00903b    0x7f  stm8s_tim4.o [1]
  .near.rodata     const    0x0090ba    0x7e  stm8s_clk.o [1]
  .near_func.text  ro code  0x009138    0x79  main.o [1]
  .near_func.text  ro code  0x0091b1    0x60  stm8s_tim1.o [1]
  .near_func.text  ro code  0x009211    0x59  stm8s_adc1.o [1]
  .near_func.text  ro code  0x00926a    0x57  stm8s_clk.o [1]
  .near_func.text  ro code  0x0092c1    0x55  stm8s_adc1.o [1]
  .near_func.text  ro code  0x009316    0x55  stm8s_adc1.o [1]
  .near_func.text  ro code  0x00936b    0x51  stm8s_tim4.o [1]
  .near_func.text  ro code  0x0093bc    0x50  stm8s_tim4.o [1]
  .near_func.text  ro code  0x00940c    0x47  long_util.o [4]
  .near_func.text  ro code  0x009453    0x3d  stm8s_clk.o [1]
  .near_func.text  ro code  0x009490    0x3b  stm8s_it.o [1]
  .near_func.text  ro code  0x0094cb    0x3a  Adc.o [1]
  .near_func.text  ro code  0x009505    0x35  stm8s_tim1.o [1]
  .near_func.text  ro code  0x00953a    0x31  stm8s_adc1.o [1]
  .near_func.text  ro code  0x00956b    0x2f  stm8s_clk.o [1]
  .near_func.text  ro code  0x00959a    0x2f  stm8s_it.o [1]
  .near_func.text  ro code  0x0095c9    0x2f  stm8s_tim1.o [1]
  .near_func.text  ro code  0x0095f8    0x2f  stm8s_tim4.o [1]
  .near_func.text  ro code  0x009627    0x29  stm8s_uart2.o [1]
  .near_func.text  ro code  0x009650    0x29  user_uart.o [1]
  .near_func.text  ro code  0x009679    0x25  dc_util.o [4]
  .near_func.text  ro code  0x00969e    0x24  delay.o [1]
  .near_func.text  ro code  0x0096c2    0x24  stm8s_tim4.o [1]
  .near_func.text  ro code  0x0096e6    0x24  stm8s_tim4.o [1]
  .iar.init_table  const    0x00970a     0x8  - Linker created -
  .near_func.text  ro code  0x009712    0x1f  move.o [4]
  .near_func.text  ro code  0x009731    0x1e  Adc.o [1]
  .near_func.text  ro code  0x00974f    0x1e  delay.o [1]
  .near_func.text  ro code  0x00976d    0x1e  init_small.o [4]
  .near_func.text  ro code  0x00978b    0x1d  delay.o [1]
  .near_func.text  ro code  0x0097a8    0x1b  stm8s_it.o [1]
  .near_func.text  ro code  0x0097c3    0x19  user_uart.o [1]
  .near_func.text  ro code  0x0097dc    0x14  short.o [4]
  .near_func.text  ro code  0x0097f0    0x14  init.o [4]
  .near_func.text  ro code  0x009804    0x14  __dbg_xxexit.o [3]
  .near_func.text  ro code  0x009818    0x13  cstartup.o [4]
  .near.rodata     const    0x00982b     0xe  user_uart.o [1]
  .near_func.text  ro code  0x009839     0xd  stm8s_uart2.o [1]
  .near_func.text  ro code  0x009846     0x9  user_uart.o [1]
  .near_func.text  ro code  0x00984f     0x9  user_uart.o [1]
  .near_func.text  ro code  0x009858     0x7  stm8s_gpio.o [1]
  .near_func.text  ro code  0x00985f     0x7  stm8s_gpio.o [1]
  .near_func.text  ro code  0x009866     0x5  stm8s_adc1.o [1]
  .near_func.text  ro code  0x00986b     0x5  cexit.o [4]
  .near.rodata     const    0x009870     0x4  stm8s_clk.o [1]
  .near_func.text  ro code  0x009874     0x4  stm8s_gpio.o [1]
  .near_func.text  ro code  0x009878     0x3  interrupt.o [4]
  .near_func.text  ro code  0x00987b     0x3  low_level_init.o [4]
  .near_func.text  ro code  0x00987e     0x3  exit.o [4]
  .near_func.text  ro code  0x009881     0x3  unhandled_exception.o [4]
  .near_func.text  ro code  0x009884     0x2  main.o [1]
  .near_func.text  ro code  0x009886     0x1  stm8s_it.o [1]
  .near_func.text  ro code  0x009887     0x1  stm8s_it.o [1]
  .near_func.text  ro code  0x009888     0x1  stm8s_it.o [1]
  .near_func.text  ro code  0x009889     0x1  stm8s_it.o [1]
  .near_func.text  ro code  0x00988a     0x1  stm8s_it.o [1]
  .near_func.text  ro code  0x00988b     0x1  stm8s_it.o [1]
  .near_func.text  ro code  0x00988c     0x1  stm8s_it.o [1]
  .near_func.text  ro code  0x00988d     0x1  stm8s_it.o [1]
  .near_func.text  ro code  0x00988e     0x1  stm8s_it.o [1]
  .near_func.text  ro code  0x00988f     0x1  stm8s_it.o [1]
  .near_func.text  ro code  0x009890     0x1  stm8s_it.o [1]
  .near_func.text  ro code  0x009891     0x1  stm8s_it.o [1]
  .near_func.text  ro code  0x009892     0x1  stm8s_it.o [1]
  .near_func.text  ro code  0x009893     0x1  stm8s_it.o [1]
  .near_func.text  ro code  0x009894     0x1  stm8s_it.o [1]
  .near_func.text  ro code  0x009895     0x1  stm8s_it.o [1]
  .near_func.text  ro code  0x009896     0x1  stm8s_it.o [1]
  .near_func.text  ro code  0x009897     0x1  stm8s_it.o [1]
  .near_func.text  ro code  0x009898     0x1  stm8s_it.o [1]
  .near_func.text  ro code  0x009899     0x1  __dbg_break.o [3]
                          - 0x00989a  0x181a


*******************************************************************************
*** INIT TABLE
***

          Address   Size
          -------   ----
Zero (__iar_zero_init2)
    1 destination range, total size 0x1a:
          0x000010  0x1a



*******************************************************************************
*** MODULE SUMMARY
***

    Module                 ro code  ro data  rw data
    ------                 -------  -------  -------
E:\工作\胡老师\风扇控制器\IAR-STM8\STM8S005-FanController\STM8S005-FanController_Realy\Debug\Obj: [1]
    Adc.o                       88
    Gpio.o                     208
    delay.o                     95                 4
    main.o                     123                11
    stm8s_adc1.o             1 531      127
    stm8s_clk.o                195      130
    stm8s_gpio.o               290      127
    stm8s_it.o                 152                11
    stm8s_tim1.o               196      127
    stm8s_tim4.o               280      127
    stm8s_uart2.o              844      128
    user_uart.o                529       14
    ------------------------------------------------
    Total:                   4 531      780       26

command line: [2]
    ------------------------------------------------
    Total:

dbgstm8smd.a: [3]
    __dbg_break.o                1
    __dbg_xxexit.o              20
    ------------------------------------------------
    Total:                      21

dlstm8smf.a: [4]
    cexit.o                      5
    cstartup.o                  19
    dc_util.o                   37
    exit.o                       3
    init.o                      20
    init_small.o                30
    interrupt.o                  3      128
    long.o                     324
    long_util.o                 71
    low_level_init.o             3
    move.o                      31
    short.o                     20
    unhandled_exception.o        3
    vreg_util.o                261
    vregs.o                                       16
    ------------------------------------------------
    Total:                     830      128       16

    Linker created                        8      256
----------------------------------------------------
    Grand Total:             5 382      916      298


*******************************************************************************
*** ENTRY LIST
***

Entry                    Address   Size  Type      Object
-----                    -------   ----  ----      ------
.iar.init_table$$Base   0x00970a          --   Gb  - Linker created -
.iar.init_table$$Limit  0x009712          --   Gb  - Linker created -
?b0                     0x000000         Data  Gb  vregs.o [4]
?b1                     0x000001         Data  Gb  vregs.o [4]
?b10                    0x00000a         Data  Gb  vregs.o [4]
?b11                    0x00000b         Data  Gb  vregs.o [4]
?b12                    0x00000c         Data  Gb  vregs.o [4]
?b13                    0x00000d         Data  Gb  vregs.o [4]
?b14                    0x00000e         Data  Gb  vregs.o [4]
?b15                    0x00000f         Data  Gb  vregs.o [4]
?b2                     0x000002         Data  Gb  vregs.o [4]
?b3                     0x000003         Data  Gb  vregs.o [4]
?b4                     0x000004         Data  Gb  vregs.o [4]
?b5                     0x000005         Data  Gb  vregs.o [4]
?b6                     0x000006         Data  Gb  vregs.o [4]
?b7                     0x000007         Data  Gb  vregs.o [4]
?b8                     0x000008         Data  Gb  vregs.o [4]
?b9                     0x000009         Data  Gb  vregs.o [4]
?dc32_l0                0x009679         Code  Gb  dc_util.o [4]
?dc32_l1                0x009686         Code  Gb  dc_util.o [4]
?dc32_px                0x009693         Code  Gb  dc_util.o [4]
?dec32_0x_0x            0x00843c         Code  Gb  long.o [4]
?dec32_l0_l0            0x008437         Code  Gb  long.o [4]
?e0                     0x000001         Data  Gb  vregs.o [4]
?e1                     0x000005         Data  Gb  vregs.o [4]
?e2                     0x000009         Data  Gb  vregs.o [4]
?e3                     0x00000d         Data  Gb  vregs.o [4]
?epilogue_l2            0x00885d         Code  Gb  vreg_util.o [4]
?epilogue_l2_l3         0x00885a         Code  Gb  vreg_util.o [4]
?epilogue_l2_w6         0x008861         Code  Gb  vreg_util.o [4]
?epilogue_w4            0x008868         Code  Gb  vreg_util.o [4]
?l0                     0x000000         Data  Gb  vregs.o [4]
?l1                     0x000004         Data  Gb  vregs.o [4]
?l2                     0x000008         Data  Gb  vregs.o [4]
?l3                     0x00000c         Data  Gb  vregs.o [4]
?load32_0x_l0           0x009445         Code  Gb  long_util.o [4]
?load32_asp_l0          0x009439         Code  Gb  long_util.o [4]
?load32_dbsp_l0         0x009434         Code  Gb  long_util.o [4]
?load32_l0_0x           0x00941c         Code  Gb  long_util.o [4]
?load32_l0_asp          0x009411         Code  Gb  long_util.o [4]
?load32_l0_dbsp         0x00940c         Code  Gb  long_util.o [4]
?load32_l0_xsp          0x009413         Code  Gb  long_util.o [4]
?load32_l1_0x           0x009428         Code  Gb  long_util.o [4]
?load32_xsp_l0          0x00943b         Code  Gb  long_util.o [4]
?longfarg16_v_w0_a      0x00971f         Code  Gb  move.o [4]
?longfarg16_v_w0_x      0x009721         Code  Gb  move.o [4]
?mov_e0_e2              0x00886f         Code  Gb  vreg_util.o [4]
?mov_e0_e3              0x00887c         Code  Gb  vreg_util.o [4]
?mov_e1_e0              0x008889         Code  Gb  vreg_util.o [4]
?mov_e1_e2              0x008896         Code  Gb  vreg_util.o [4]
?mov_e1_e3              0x0088a3         Code  Gb  vreg_util.o [4]
?mov_e2_e0              0x0088b0         Code  Gb  vreg_util.o [4]
?mov_e3_e0              0x0088bd         Code  Gb  vreg_util.o [4]
?mov_l0_l2              0x00886c         Code  Gb  vreg_util.o [4]
?mov_l0_l3              0x008879         Code  Gb  vreg_util.o [4]
?mov_l1_l0              0x008886         Code  Gb  vreg_util.o [4]
?mov_l1_l2              0x008893         Code  Gb  vreg_util.o [4]
?mov_l1_l3              0x0088a0         Code  Gb  vreg_util.o [4]
?mov_l2_l0              0x0088ad         Code  Gb  vreg_util.o [4]
?mov_l3_l0              0x0088ba         Code  Gb  vreg_util.o [4]
?mov_w1_w5              0x008872         Code  Gb  vreg_util.o [4]
?mov_w1_w7              0x00887f         Code  Gb  vreg_util.o [4]
?mov_w3_w1              0x00888c         Code  Gb  vreg_util.o [4]
?mov_w3_w5              0x008899         Code  Gb  vreg_util.o [4]
?mov_w3_w7              0x0088a6         Code  Gb  vreg_util.o [4]
?mov_w5_w1              0x0088b3         Code  Gb  vreg_util.o [4]
?mov_w7_w1              0x0088c0         Code  Gb  vreg_util.o [4]
?move1616_v_x_y_a       0x009712         Code  Gb  move.o [4]
?mul32_l0_l0_0x         0x00846e         Code  Gb  long.o [4]
?mul32_l0_l0_dl         0x00846b         Code  Gb  long.o [4]
?mul32_l0_l0_l1         0x008477         Code  Gb  long.o [4]
?pop_l0                 0x008826         Code  Gb  vreg_util.o [4]
?pop_l1                 0x008831         Code  Gb  vreg_util.o [4]
?pop_l2                 0x00883c         Code  Gb  vreg_util.o [4]
?pop_l3                 0x008847         Code  Gb  vreg_util.o [4]
?pop_w4                 0x0087df         Code  Gb  vreg_util.o [4]
?pop_w6                 0x0087e6         Code  Gb  vreg_util.o [4]
?push_l0                0x0087f5         Code  Gb  vreg_util.o [4]
?push_l1                0x0087fa         Code  Gb  vreg_util.o [4]
?push_l2                0x0087ff         Code  Gb  vreg_util.o [4]
?push_l3                0x008804         Code  Gb  vreg_util.o [4]
?push_w4                0x0087c2         Code  Gb  vreg_util.o [4]
?push_w6                0x0087c7         Code  Gb  vreg_util.o [4]
?sll16_x_x_4            0x0097e6         Code  Gb  short.o [4]
?sll16_x_x_5            0x0097e5         Code  Gb  short.o [4]
?sll16_x_x_6            0x0097e4         Code  Gb  short.o [4]
?sll16_x_x_a            0x0097dc         Code  Gb  short.o [4]
?sll32_0x_0x_a          0x00856d         Code  Gb  long.o [4]
?sll32_l0_l0_a          0x00856a         Code  Gb  long.o [4]
?srl16_x_x_4            0x0097eb         Code  Gb  short.o [4]
?sub32_l0_l0_0x         0x008453         Code  Gb  long.o [4]
?sub32_l0_l0_l1         0x008450         Code  Gb  long.o [4]
?udiv32_l0_dl_l1        0x0084f5         Code  Gb  long.o [4]
?udiv32_l0_l0_dl        0x0084fa         Code  Gb  long.o [4]
?udiv32_l0_l0_l1        0x0084fd         Code  Gb  long.o [4]
?umod32_l1_l0_l1        0x0084fd         Code  Gb  long.o [4]
?w0                     0x000000         Data  Gb  vregs.o [4]
?w1                     0x000002         Data  Gb  vregs.o [4]
?w2                     0x000004         Data  Gb  vregs.o [4]
?w3                     0x000006         Data  Gb  vregs.o [4]
?w4                     0x000008         Data  Gb  vregs.o [4]
?w5                     0x00000a         Data  Gb  vregs.o [4]
?w6                     0x00000c         Data  Gb  vregs.o [4]
?w7                     0x00000e         Data  Gb  vregs.o [4]
ADC1_ClearFlag          0x008d01   0xb7  Code  Gb  stm8s_adc1.o [1]
ADC1_ConversionConfig   0x008b8c   0xbe  Code  Gb  stm8s_adc1.o [1]
ADC1_DeInit             0x00953a   0x31  Code  Gb  stm8s_adc1.o [1]
ADC1_ExternalTriggerConfig
                        0x009211   0x59  Code  Gb  stm8s_adc1.o [1]
ADC1_GetConversionValue
                        0x009316   0x55  Code  Gb  stm8s_adc1.o [1]
ADC1_GetFlagStatus      0x008c4a   0xb7  Code  Gb  stm8s_adc1.o [1]
ADC1_IRQHandler         0x009897    0x1  Code  Gb  stm8s_it.o [1]
ADC1_Init               0x00829d  0x19a  Code  Gb  stm8s_adc1.o [1]
ADC1_PrescalerConfig    0x0092c1   0x55  Code  Gb  stm8s_adc1.o [1]
ADC1_SchmittTriggerConfig
                        0x0088c7   0xfc  Code  Gb  stm8s_adc1.o [1]
ADC1_StartConversion    0x009866    0x5  Code  Gb  stm8s_adc1.o [1]
AWU_IRQHandler          0x009888    0x1  Code  Gb  stm8s_it.o [1]
Adc_Concersion          0x009731   0x1e  Code  Gb  Adc.o [1]
Adc_Init                0x0094cb   0x3a  Code  Gb  Adc.o [1]
CLK_GetClockFreq        0x00926a   0x57  Code  Gb  stm8s_clk.o [1]
CLK_HSICmd              0x00956b   0x2f  Code  Gb  stm8s_clk.o [1]
CLK_HSIPrescalerConfig  0x009453   0x3d  Code  Gb  stm8s_clk.o [1]
CLK_IRQHandler          0x009889    0x1  Code  Gb  stm8s_it.o [1]
CSTACK$$Base            0x000700          --   Gb  - Linker created -
CSTACK$$Limit           0x000800          --   Gb  - Linker created -
EEPROM_EEC_IRQHandler   0x009898    0x1  Code  Gb  stm8s_it.o [1]
EXTI_PORTA_IRQHandler   0x00988a    0x1  Code  Gb  stm8s_it.o [1]
EXTI_PORTB_IRQHandler   0x00988b    0x1  Code  Gb  stm8s_it.o [1]
EXTI_PORTC_IRQHandler   0x00988c    0x1  Code  Gb  stm8s_it.o [1]
EXTI_PORTD_IRQHandler   0x00988d    0x1  Code  Gb  stm8s_it.o [1]
EXTI_PORTE_IRQHandler   0x00988e    0x1  Code  Gb  stm8s_it.o [1]
GPIO_Init               0x0086b2  0x110  Code  Gb  stm8s_gpio.o [1]
GPIO_ReadInputPin       0x00985f    0x7  Code  Gb  stm8s_gpio.o [1]
GPIO_WriteHigh          0x009858    0x7  Code  Gb  stm8s_gpio.o [1]
GPIO_WriteLow           0x009874    0x4  Code  Gb  stm8s_gpio.o [1]
Gpio_Init               0x008abc   0xd0  Code  Gb  Gpio.o [1]
HSIDivFactor            0x009870    0x4  Data  Gb  stm8s_clk.o [1]
I2C_IRQHandler          0x009895    0x1  Code  Gb  stm8s_it.o [1]
INTVEC$$Base            0x008000          --   Gb  - Linker created -
INTVEC$$Limit           0x008080          --   Gb  - Linker created -
Region$$Table$$Base     0x00970a          --   Gb  - Linker created -
Region$$Table$$Limit    0x009712          --   Gb  - Linker created -
SPI_IRQHandler          0x00988f    0x1  Code  Gb  stm8s_it.o [1]
Send_peripheral         0x000028    0x1  Data  Gb  stm8s_it.o [1]
TIM1_CAP_COM_IRQHandler
                        0x009890    0x1  Code  Gb  stm8s_it.o [1]
TIM1_ClearFlag          0x009505   0x35  Code  Gb  stm8s_tim1.o [1]
TIM1_Cmd                0x0095c9   0x2f  Code  Gb  stm8s_tim1.o [1]
TIM1_TimeBaseInit       0x0091b1   0x60  Code  Gb  stm8s_tim1.o [1]
TIM1_UPD_OVF_TRG_BRK_IRQHandler
                        0x00959a   0x2f  Code  Gb  stm8s_it.o [1]
TIM2_CAP_COM_IRQHandler
                        0x009892    0x1  Code  Gb  stm8s_it.o [1]
TIM2_UPD_OVF_BRK_IRQHandler
                        0x009891    0x1  Code  Gb  stm8s_it.o [1]
TIM3_CAP_COM_IRQHandler
                        0x009894    0x1  Code  Gb  stm8s_it.o [1]
TIM3_UPD_OVF_BRK_IRQHandler
                        0x009893    0x1  Code  Gb  stm8s_it.o [1]
TIM4_ClearFlag          0x0096c2   0x24  Code  Gb  stm8s_tim4.o [1]
TIM4_ClearITPendingBit  0x0096e6   0x24  Code  Gb  stm8s_tim4.o [1]
TIM4_Cmd                0x0095f8   0x2f  Code  Gb  stm8s_tim4.o [1]
TIM4_ITConfig           0x0093bc   0x50  Code  Gb  stm8s_tim4.o [1]
TIM4_TimeBaseInit       0x00936b   0x51  Code  Gb  stm8s_tim4.o [1]
TIM4_UPD_OVF_IRQHandler
                        0x0097a8   0x1b  Code  Gb  stm8s_it.o [1]
TLI_IRQHandler          0x009887    0x1  Code  Gb  stm8s_it.o [1]
TRAP_IRQHandler         0x009886    0x1  Code  Gb  stm8s_it.o [1]
Tim1_Count              0x000026    0x2  Data  Gb  stm8s_it.o [1]
Tim1_Init               0x00974f   0x1e  Code  Gb  delay.o [1]
Tim4_Init               0x00978b   0x1d  Code  Gb  delay.o [1]
TimingDelay             0x000022    0x4  Data  Gb  delay.o [1]
TimingDelay_Decrement   0x00969e   0x24  Code  Gb  delay.o [1]
UART2_Cmd               0x009839    0xd  Code  Gb  stm8s_uart2.o [1]
UART2_DeInit            0x009627   0x29  Code  Gb  stm8s_uart2.o [1]
UART2_ITConfig          0x0089c3   0xf9  Code  Gb  stm8s_uart2.o [1]
UART2_Init              0x008080  0x21d  Code  Gb  stm8s_uart2.o [1]
UART2_RX_IRQHandler     0x009490   0x3b  Code  Gb  stm8s_it.o [1]
UART2_TX_IRQHandler     0x009896    0x1  Code  Gb  stm8s_it.o [1]
Uart_Char_Num           0x000029    0x1  Data  Gb  stm8s_it.o [1]
Uart_Char_c             0x00001b    0x7  Data  Gb  stm8s_it.o [1]
Uart_IT_Receive_Control
                        0x00857b  0x137  Code  Gb  user_uart.o [1]
Uart_Send_data          0x008db8   0x86  Code  Gb  user_uart.o [1]
__DebugBreak            0x009899    0x1  Code  Gb  __dbg_break.o [3]
__exit                  0x009804   0x14  Code  Gb  __dbg_xxexit.o [3]
__iar_data_init2        0x0097f0   0x14  Code  Gb  init.o [4]
__iar_program_start     0x009818         Code  Gb  cstartup.o [4]
__iar_unhandled_exception
                        0x009881         Code  Gb  unhandled_exception.o [4]
__iar_zero_init2        0x00976d         Code  Gb  init_small.o [4]
__intvec                0x008000         Data  Gb  interrupt.o [4]
__low_level_init        0x00987b    0x3  Code  Gb  low_level_init.o [4]
_exit                   0x00986b         Code  Gb  cexit.o [4]
_interrupt_1            0x009886         Code  Gb  stm8s_it.o [1]
_interrupt_12           0x00988f         Code  Gb  stm8s_it.o [1]
_interrupt_13           0x00959a         Code  Gb  stm8s_it.o [1]
_interrupt_14           0x009890         Code  Gb  stm8s_it.o [1]
_interrupt_15           0x009891         Code  Gb  stm8s_it.o [1]
_interrupt_16           0x009892         Code  Gb  stm8s_it.o [1]
_interrupt_17           0x009893         Code  Gb  stm8s_it.o [1]
_interrupt_18           0x009894         Code  Gb  stm8s_it.o [1]
_interrupt_2            0x009887         Code  Gb  stm8s_it.o [1]
_interrupt_21           0x009895         Code  Gb  stm8s_it.o [1]
_interrupt_22           0x009896         Code  Gb  stm8s_it.o [1]
_interrupt_23           0x009490         Code  Gb  stm8s_it.o [1]
_interrupt_24           0x009897         Code  Gb  stm8s_it.o [1]
_interrupt_25           0x0097a8         Code  Gb  stm8s_it.o [1]
_interrupt_26           0x009898         Code  Gb  stm8s_it.o [1]
_interrupt_3            0x009888         Code  Gb  stm8s_it.o [1]
_interrupt_4            0x009889         Code  Gb  stm8s_it.o [1]
_interrupt_5            0x00988a         Code  Gb  stm8s_it.o [1]
_interrupt_6            0x00988b         Code  Gb  stm8s_it.o [1]
_interrupt_7            0x00988c         Code  Gb  stm8s_it.o [1]
_interrupt_8            0x00988d         Code  Gb  stm8s_it.o [1]
_interrupt_9            0x00988e         Code  Gb  stm8s_it.o [1]
assert_failed           0x009884    0x2  Code  Gb  main.o [1]
exit                    0x00987e    0x3  Code  Gb  exit.o [4]
main                    0x009138   0x79  Code  Gb  main.o [1]
peripheral              0x000010    0xb  Data  Gb  main.o [1]
uart2Init               0x009650   0x29  Code  Gb  user_uart.o [1]
uart2ReceiveByte        0x00984f    0x9  Code  Gb  user_uart.o [1]
uart2SendByte           0x009846    0x9  Code  Gb  user_uart.o [1]
uart2SendString         0x0097c3   0x19  Code  Gb  user_uart.o [1]


[1] = E:\工作\胡老师\风扇控制器\IAR-STM8\STM8S005-FanController\STM8S005-FanController_Realy\Debug\Obj
[2] = command line
[3] = dbgstm8smd.a
[4] = dlstm8smf.a

  5 382 bytes of readonly  code memory
    916 bytes of readonly  data memory
    298 bytes of readwrite data memory

Errors: none
Warnings: none
